4KpEG0uUvTM~IZKuWZZifdmh5UU6evIPG0tE3ppoqy37AY2NJrsM8BU0EkT1SG-g18qSW9UHDp7qs7m~WzeWTXyYggEb6k6-e0GYC2Cj8ED8JV58-2~cFZumVNJ2d1hns-MGX7RZv2lz3Cz2ZVhfZxSIw9UnpV-kwVn7sQ7PBCvJYE4INbp5OlRQH1-3lXiUheoJfeZpegGTUSHUwIRWglX7w87YF~LCbJMYXDgMyA3SaxsZaun7Wc8ku4bqtbmG9u15XlmqimLUUmDG0cw77HJzqxnR1C1hx0wf-9zgH6u4jwTWk92w5tZJZSv1SHKejlPkIbRNAhZv5wroyZsn6T0koV~kTVCvbUEwILho-rHn4A6C2jLQifwE9aucziBTVq3YLK2urf1wI1jLh98iFNav40S~B2w-4xZFAQ49bOdWzY4KmVIjocVhfGi~RLl5bHD1TEJS7nOaDhI8qCSe7mR0XzZgQ~iROR~XowlwKXBzNPjKED7yN8GgV2pWRGNYAAAA
WiotuvEjGpSz7q14eZGYFpD0xNt3V~nxZdDDgKc~whkW-pardZyz~wZipHXLIOvniThDL2rxJ~OW7RxgUycCph4x--NL51kEJhMWZ~bgxPioxw-T4JGQ9LSNndt9xNOf6yhEqyokqyEOEeJjw6m2e7RX7mTRffmTlCdu6uH6rVEk22o4Uu5S26p6-LS2k9lRyMWitFd~t9cnOgLTZTE~h4d-UlAd1BGxpCTlGWcaynOQzKKtljZknZMF9Qv19MxT83t18~3IURb6aOLlC4oih9pMt1pHouZuOaStKA7cGLsXUAhSB31BvK8l4R7VhgcudwJ9EQZkZQee51hcng7K1Yqmd4lnjHHuf1mDk0YXBAWDZOM0-oEwkJWumGuYl0NUtLhNlFrBjenbjACx88qhfy6mkXfo8c-c2QqEXuD2xt4OVqrWxBTIrr1pR-E1NdIxzIvOlCbrRXaqxqu-wnrrG2vCO-1zu9NHacCVjXD7AR7p3T628wPdCUzj2~rZRcCkAAAA
